============================= test session starts =============================
platform win32 -- Python 3.13.13, pytest-9.0.3, pluggy-1.6.0 -- C:\Users\doria\AppData\Local\Microsoft\WindowsApps\PythonSoftwareFoundation.Python.3.13_qbz5n2kfra8p0\python.exe
cachedir: .pytest_cache
rootdir: D:\CodeProjects\Vipari
plugins: anyio-4.12.1
collecting ... collected 1 item

tests/test_control_plane_ui.py::test_dashboard_deep_link_renders_shell_for_free_tier_workspace FAILED

================================== FAILURES ===================================
_______ test_dashboard_deep_link_renders_shell_for_free_tier_workspace ________
tests\test_control_plane_ui.py:627: in test_dashboard_deep_link_renders_shell_for_free_tier_workspace
    assert 'data-dashboard-shell-state="active_comments_only"' in deep_link_response.text
E   assert 'data-dashboard-shell-state="active_comments_only"' in '<!DOCTYPE html>\\n<html lang="en">\\n<head>\\n    <meta charset="UTF-8" />\\n    <meta name="viewport" content="width=device-width, initial-scale=1.0" />\\n    <title>Vipari Dashboard</title>\\n    <link rel="preconnect" href="https://fonts.googleapis.com">\\n    <link rel="preconnect" href="https://fonts.gstatic.com" crossorigin>\\n    <link href="https://fonts.googleapis.com/css2?family=Inter:wght@400;500;600;700;800&display=swap" rel="stylesheet">\\n    <link rel="stylesheet" href="/static/dashboard.css?v=1778265815895501400" />\\n    <script defer src="/static/theme-toggle.js?v=1778243564087292300"></script>\\n    <script defer src="/static/dashboard-index.js?v=1778243564081261700"></script>\\n</head>\\n<body class="dashboard-index-page" data-theme="dark" data-active-overview-range="7d" data-active-overview-filter="all" data-dashboard-shell-state="active" data-dashboard-shell-title="" data-dashboard-shell-body="" data-dashboard-shell-cta-href="" data-dashboard-shell-cta-label="" data-dashboard-deep-link-artifact="" data-dashboard-deep-link-pr="42" data-dashboard-deep-link-head-sha="">\\n    <div class="app-shell">\\n        <nav class="sidebar" aria-label="Primary navigation">\\n           ...                                                             </div>\\n                                                                <div class="skeleton-bar-row">\\n                                                                    <span class="skeleton-bar"></span>\\n                                                                    <span class="skeleton-bar"></span>\\n                                                                </div>\\n                                                            </div>\\n                                                        </div>\\n                                                    </div>\\n                                                </section>\\n                                            </section>\\n    <div class="theme-toggle-shell">\\n        <button type="button" class="theme-toggle" data-theme-toggle aria-label="Switch to light mode" aria-pressed="true">\\n            <span class="theme-toggle-icon" aria-hidden="true">\u2600</span>\\n            <span class="theme-toggle-label" data-theme-toggle-label>Dark mode</span>\\n            <span class="theme-toggle-icon" aria-hidden="true">\u263e</span>\\n        </button>\\n    </div>\\n</body>\\n</html>\\n'
E    +  where '<!DOCTYPE html>\\n<html lang="en">\\n<head>\\n    <meta charset="UTF-8" />\\n    <meta name="viewport" content="width=device-width, initial-scale=1.0" />\\n    <title>Vipari Dashboard</title>\\n    <link rel="preconnect" href="https://fonts.googleapis.com">\\n    <link rel="preconnect" href="https://fonts.gstatic.com" crossorigin>\\n    <link href="https://fonts.googleapis.com/css2?family=Inter:wght@400;500;600;700;800&display=swap" rel="stylesheet">\\n    <link rel="stylesheet" href="/static/dashboard.css?v=1778265815895501400" />\\n    <script defer src="/static/theme-toggle.js?v=1778243564087292300"></script>\\n    <script defer src="/static/dashboard-index.js?v=1778243564081261700"></script>\\n</head>\\n<body class="dashboard-index-page" data-theme="dark" data-active-overview-range="7d" data-active-overview-filter="all" data-dashboard-shell-state="active" data-dashboard-shell-title="" data-dashboard-shell-body="" data-dashboard-shell-cta-href="" data-dashboard-shell-cta-label="" data-dashboard-deep-link-artifact="" data-dashboard-deep-link-pr="42" data-dashboard-deep-link-head-sha="">\\n    <div class="app-shell">\\n        <nav class="sidebar" aria-label="Primary navigation">\\n           ...                                                             </div>\\n                                                                <div class="skeleton-bar-row">\\n                                                                    <span class="skeleton-bar"></span>\\n                                                                    <span class="skeleton-bar"></span>\\n                                                                </div>\\n                                                            </div>\\n                                                        </div>\\n                                                    </div>\\n                                                </section>\\n                                            </section>\\n    <div class="theme-toggle-shell">\\n        <button type="button" class="theme-toggle" data-theme-toggle aria-label="Switch to light mode" aria-pressed="true">\\n            <span class="theme-toggle-icon" aria-hidden="true">\u2600</span>\\n            <span class="theme-toggle-label" data-theme-toggle-label>Dark mode</span>\\n            <span class="theme-toggle-icon" aria-hidden="true">\u263e</span>\\n        </button>\\n    </div>\\n</body>\\n</html>\\n' = <Response [200 OK]>.text
=========================== short test summary info ===========================
FAILED tests/test_control_plane_ui.py::test_dashboard_deep_link_renders_shell_for_free_tier_workspace
!!!!!!!!!!!!!!!!!!!!!!!!!! stopping after 1 failures !!!!!!!!!!!!!!!!!!!!!!!!!!
============================== 1 failed in 2.90s ==============================
